// Jest Snapshot v1, https://goo.gl/fbAQLP

exports[`should render the CreateProjectPage component correctly 1`] = `
<div
  className="content-container"
>
  <h1>
    Create a new Project
  </h1>
  <BasicProjectDetailsForm
    onSubmit={[Function]}
  />
</div>
`;
